[6n[?25l[m]0;C:\Program Files\nodejs\node.exe[?25h[?25l]0;npm[?25h[?25l[107X[107C
[107X[107C
[107X[107C
[107X[107C
[107X[107C
[107X[107C
[107X[107C
[107X[107C
[107X[107C
[107X[107C
[107X[107C
[107X[107C
[107X[107C
[107X[107C
[107X[107C
[107X[107C
[107X[107C
[107X[107C
[107X[107C
[107X[107C
[107X[107C
[107X[107C
[107X[107C
[107X[107C[H[?25h[?25l]0;npm run lint[?25h[?25l
> host@0.1.0 lint
> eslint[9X[9C[5;1H[?25h[?25l[H[107X[107C
> host@0.1.0 lint[90X[90C
> eslint[99X[99C
[107X[107C
[107X[107C
[107X[107C
[107X[107C
[107X[107C
[107X[107C
[107X[107C
[107X[107C
[107X[107C
[107X[107C
[107X[107C
[107X[107C
[107X[107C
[107X[107C
[107X[107C
[107X[107C
[107X[107C
[107X[107C
[107X[107C
[107X[107C
[107X[107C[5;1H[?25h[?25l[H[107X[107C
> host@0.1.0 lint[90X[90C
> eslint[99X[99C
[107X[107C
[107X[107C
[107X[107C
[107X[107C
[107X[107C
[107X[107C
[107X[107C
[107X[107C
[107X[107C
[107X[107C
[107X[107C
[107X[107C
[107X[107C
[107X[107C
[107X[107C
[107X[107C
[107X[107C
[107X[107C
[107X[107C
[107X[107C
[107X[107C[5;1H[?25h[?25l]0;C:\Windows\system32\cmd.exe [?25h
